{
  "auto": [
    {
      "ID": "00000000-0000-0000-0000-000000000000",
      "NAME": "parent1",
      "FOUND_YEAR": "1980"
    },
    {
      "ID": "00000000-0000-0000-0000-000000000001",
      "NAME": "parent2",
      "FOUND_YEAR": "1975"
    },
    {
      "ID": "regex:[0-9A-Za-z]{8}-([0-9A-Za-z]{4}-){3}[0-9A-Za-z]{12}",
      "NAME": "regex:Random auto [0-9]{4}",
      "FOUND_YEAR": "regex:[0-9]{4}"
    }
  ],
  "auto_types": [
    {
      "AUTO_ID": "00000000-0000-0000-0000-000000000000",
      "AUTO_TYPE": "LIGHT"
    },
    {
      "AUTO_ID": "00000000-0000-0000-0000-000000000001",
      "AUTO_TYPE": "TRUCK"
    },
    {
      "AUTO_ID": "regex:[0-9A-Za-z]{8}-([0-9A-Za-z]{4}-){3}[0-9A-Za-z]{12}",
      "AUTO_TYPE": "LIGHT"
    }
  ]
}